
> field-req@0.0.0 dev
> vite


  VITE v5.4.21  ready in 275 ms

  ➜  Local:   http://localhost:5173/
  ➜  Network: use --host to expose
7:30:51 PM [vite] http proxy error: /api/check-in/responses
AggregateError [ECONNREFUSED]:
    at internalConnectMultiple (node:net:1134:18)
    at afterConnectMultiple (node:net:1715:7)
7:30:51 PM [vite] http proxy error: /api/check-in/responses
AggregateError [ECONNREFUSED]:
    at internalConnectMultiple (node:net:1134:18)
    at afterConnectMultiple (node:net:1715:7)
7:30:52 PM [vite] http proxy error: /api/check-in/send
AggregateError [ECONNREFUSED]:
    at internalConnectMultiple (node:net:1134:18)
    at afterConnectMultiple (node:net:1715:7)
7:30:54 PM [vite] http proxy error: /api/check-in/responses
AggregateError [ECONNREFUSED]:
    at internalConnectMultiple (node:net:1134:18)
    at afterConnectMultiple (node:net:1715:7)
